---
source: tests/scenarios.rs
expression: out.events
---
[
  "Ready",
  {
    "HistoryUpdated": {
      "history": [
        {
          "kind": "note",
          "note_kind": "context",
          "text": "Current working directory: /."
        },
        {
          "content": "hi",
          "kind": "user"
        }
      ],
      "turn_id": 1
    }
  },
  {
    "TextDelta": {
      "delta": "partial"
    }
  },
  {
    "TurnError": {
      "message": "invalid response: stream ended without message_stop"
    }
  }
]
