---
source: tests/scenarios.rs
assertion_line: 211
expression: out.events
---
[
  "Ready",
  {
    "HistoryUpdated": {
      "first_changed_index": 1,
      "history": [
        {
          "kind": "note",
          "note_kind": "context",
          "text": "Current working directory: /."
        },
        {
          "content": "hi",
          "kind": "user"
        }
      ],
      "turn_id": 1
    }
  },
  {
    "TurnError": {
      "kind": "other",
      "message": "authentication failed: {\"error\":{\"message\":\"invalid api key\",\"type\":\"authentication_error\"}}"
    }
  }
]
