---
source: tests/scenarios.rs
assertion_line: 66
expression: out.events
---
[
  "Ready",
  {
    "Messages": {
      "messages": [
        {
          "content": "hi",
          "role": "user"
        }
      ],
      "turn_id": 1
    }
  },
  {
    "TextDelta": {
      "delta": "hello"
    }
  },
  {
    "TokenUsage": {
      "background": false,
      "cost_usd": null,
      "tokens_per_sec": "[tps]",
      "usage": {
        "completion_tokens": 1,
        "prompt_tokens": 10
      }
    }
  },
  {
    "Messages": {
      "messages": [
        {
          "content": "hi",
          "role": "user"
        },
        {
          "content": "hello",
          "role": "assistant"
        }
      ],
      "turn_id": 1
    }
  },
  {
    "TurnComplete": {
      "messages": [
        {
          "content": "hi",
          "role": "user"
        },
        {
          "content": "hello",
          "role": "assistant"
        }
      ],
      "meta": {
        "avg_tps": "[avg_tps]",
        "elapsed_ms": "[elapsed_ms]",
        "interrupted": false,
        "tool_elapsed": {}
      },
      "turn_id": 1
    }
  }
]
