---
source: tests/scenarios.rs
assertion_line: 255
expression: out.events
---
[
  "Ready",
  {
    "HistoryUpdated": {
      "turn_id": 1,
      "update": {
        "first_index": 1,
        "items": [
          {
            "content": "hi",
            "kind": "user"
          }
        ]
      }
    }
  },
  {
    "TextDelta": {
      "delta": "partial"
    }
  },
  {
    "TurnError": {
      "kind": "invalid_response",
      "message": "invalid response: stream ended without message_stop"
    }
  }
]
