---
source: crates/tui/tests/storybook/app_ctx.rs
expression: frame.text()
---




  ┌ modal buttons ───────────────────────────────────────┐
  │                                                      │
  │ Selected actions invert their button background.     │
  │ Other buttons use a subtle background fill.          │
  │                                                      │
  │              Back     Inverted     Next              │
  │                                                      │
  └──────────────────────────────────────────────────────┘
────────────────────────────────────────────────────────────

────────────────────────────────────────────────────────────
 ○ normal                                           1:1 100%
