---
source: crates/tui/tests/storybook/app_ctx.rs
assertion_line: 607
expression: frame.text()
---
* bash cargo test -p smelt-tui content::display_renderers::la
  yout_ir::tests::runs_continuation_indent_aligns_soft_wrappe
  d_rows
  test result: ok

* explore ×2
  glob crates/tui/tests/storybook/snapshots/app_tool::*.snap
  in /Users/leo/dev/rust/smelt/.worktrees/transcript-layout-r
  ewrite
  grep "wrap_fragments_with_widths|continuation_indent|ToolSu
  mmaryResolver" in crates/tui/src crates/buffer/src



─ ✿ working… ─────────────────────────────────────────────────

──────────────────────────────────────────────────────────────
 ○ normal                                             1:1 100%
