---
source: crates/tui/tests/storybook/app_ctx.rs
assertion_line: 580
expression: frame.text()
---
* read_file crates/tui/src/app.rs:120-159
  0 lines





──────────────────────────────────────────────────────────────────────
 read_file: crates/tui/src/app.rs:120-159

 Allow?
  1. allow once
  2. deny
  3. allow read_file for this session
  4. allow read_file in ~/cwd

  press tab to add a reason…
 ○ normal  permission pending                                   1:1 0%
