---
source: crates/tui/tests/storybook/app_ctx.rs
expression: frame.styles_text()
---
dim: 60 16
  2   0   2 fg=Rgb { r: 102, g: 217, b: 239 } bg=AnsiValue(233)
  2   2   1 fg=Rgb { r: 248, g: 248, b: 242 } bg=AnsiValue(233)
  2   3   3 fg=Rgb { r: 166, g: 226, b: 46 } bg=AnsiValue(233)
  2   6   1 fg=Rgb { r: 248, g: 248, b: 242 } bg=AnsiValue(233)
  2   7   1 fg=Rgb { r: 253, g: 151, b: 31 } bg=AnsiValue(233)
  2   8   2 fg=Rgb { r: 248, g: 248, b: 242 } bg=AnsiValue(233)
  2  10   3 fg=Rgb { r: 102, g: 217, b: 239 } bg=AnsiValue(233)
  2  13   2 fg=Rgb { r: 248, g: 248, b: 242 } bg=AnsiValue(233)
  2  15   1 fg=Rgb { r: 253, g: 151, b: 31 } bg=AnsiValue(233)
  2  16   2 fg=Rgb { r: 248, g: 248, b: 242 } bg=AnsiValue(233)
  2  18   3 fg=Rgb { r: 102, g: 217, b: 239 } bg=AnsiValue(233)
  2  21   5 fg=Rgb { r: 248, g: 248, b: 242 } bg=AnsiValue(233)
  2  26   3 fg=Rgb { r: 102, g: 217, b: 239 } bg=AnsiValue(233)
  2  29   2 fg=Rgb { r: 248, g: 248, b: 242 } bg=AnsiValue(233)
  2  31  28 bg=AnsiValue(233)
  3   0   6 fg=Rgb { r: 248, g: 248, b: 242 } bg=AnsiValue(233)
  3   6  11 fg=Rgb { r: 102, g: 217, b: 239 } bg=AnsiValue(233)
  3  17   4 fg=Rgb { r: 248, g: 248, b: 242 } bg=AnsiValue(233)
  3  21   6 fg=Rgb { r: 102, g: 217, b: 239 } bg=AnsiValue(233)
  3  27   1 fg=Rgb { r: 248, g: 248, b: 242 } bg=AnsiValue(233)
  3  28  10 fg=Rgb { r: 230, g: 219, b: 116 } bg=AnsiValue(233)
  3  38   1 fg=Rgb { r: 248, g: 248, b: 242 } bg=AnsiValue(233)
  3  39  20 bg=AnsiValue(233)
  4   0   1 fg=Rgb { r: 248, g: 248, b: 242 } bg=AnsiValue(233)
  4   1  58 bg=AnsiValue(233)
 12   0  57 fg=AnsiValue(237)
 12  57   1 fg=AnsiValue(244)
 12  59   1 fg=AnsiValue(237)
 13   1   1 fg=Black bg=White
 14   0  60 fg=AnsiValue(237)
 15   0  60 bg=AnsiValue(233)
