---
source: crates/tui/tests/storybook/app_ctx.rs
expression: frame.text()
---

 how do I render a buffer?









─ what is the difference between source and lines? ───────────────────
 buf:source(text) replaces the whole buffer with a single string
 and reparses; buf:lines(...) overwrites the row array directly
 without reparsing. Use source for markdown/code where formatting
 ○ normal                                                       1:1 0%
