---
source: crates/tui/tests/storybook/app_ctx.rs
expression: frame.text()
---
* grep (?P<bad in crates/tui/src
  1 matches


─ ✿ working… ─────────────────────────────────────────────────────────

──────────────────────────────────────────────────────────────────────
 ○ normal                                                     1:1 100%
