---
source: crates/tui/tests/storybook/app_ctx.rs
expression: frame.text()
---
* write_file /root/forbidden.rs
  wrote 1 lines


─ ✿ working… ───────────────────────────────────────────────

────────────────────────────────────────────────────────────
 ○ normal                                           1:1 100%
