---
source: crates/tui/tests/storybook/app_ctx.rs
expression: text
---
* explore ×3 (1 error)                                     14:37:03
  read_file pending.rs
  read_file src/main.rs
  read_file missing.rs








─ ✿ working… ───────────────────────────────────────────────────────

────────────────────────────────────────────────────────────────────
 ○ normal                                                   1:1 100%
