---
source: crates/tui/tests/storybook/app_ctx.rs
expression: frame.styles_text()
---
dim: 60 12
  2   0   5 fg=Rgb { r: 248, g: 248, b: 242 } bg=AnsiValue(233)
  2   5  54 bg=AnsiValue(233)
  3   0   5 fg=Rgb { r: 248, g: 248, b: 242 } bg=AnsiValue(233)
  3   5  54 bg=AnsiValue(233)
  8   0  57 fg=AnsiValue(237)
  8  57   1 fg=AnsiValue(244)
  8  59   1 fg=AnsiValue(237)
  9   1   1 fg=Black bg=White
 10   0  60 fg=AnsiValue(237)
 11   0  60 bg=AnsiValue(233)
