---
source: crates/tui/tests/storybook/app_ctx.rs
assertion_line: 344
expression: frame.text()
---






─ Auth method ──────────────────────────────────────────────────────────────────
 Which authentication method should I use?





 OAuth — redirect to provider login
 API key — paste a secret token
 Anonymous — skip auth entirely
 or type a custom answer...




 ○ normal                                                               1:1 100%
