---
source: crates/tui/tests/storybook/app_ctx.rs
assertion_line: 344
expression: frame.text()
---
⏺ write_file /root/forbidden.rs
  permission denied: /root/forbidden.rs


─ ✿ working… ───────────────────────────────────────────────

────────────────────────────────────────────────────────────
 ○ normal
