---
source: crates/tui/tests/storybook/app_ctx.rs
expression: frame.text()
---



  ┌ usage limit reset ───────────────────────────────────┐
  │                                                      │
  │ Redeem one Codex usage limit reset credit?           │
  │ This spends one available reset credit.              │
  │ Available resets: 2                                  │
  │                                                      │
  │                Use a reset     Cancel                │
  │                                                      │
  └──────────────────────────────────────────────────────┘
────────────────────────────────────────────────────────────

────────────────────────────────────────────────────────────
 ○ normal                                           1:1 100%
