---
source: crates/tui/tests/storybook/app_ctx.rs
assertion_line: 515
expression: frame.text()
---
* web_fetch https://example.com/page






──────────────────────────────────────────────────────────────────────
 web_fetch: https://example.com/page

 Allow?
  1. allow once
  2. deny
  3. allow example.com for this session
  4. allow example.com in ~/cwd

  press tab to add a reason…
 ○ normal                                                       1:1 0%
