---
source: crates/tui/tests/storybook/app_ctx.rs
assertion_line: 616
expression: frame.styles_text()
---
dim: 96 86
  0   0   1 fg=AnsiValue(77)
  0   1   8 attrs=dim
  0  85  10 attrs=dim
  1   2   9 attrs=dim
  3   0   1 fg=AnsiValue(77)
  3   1  23 attrs=dim
  3  85  10 attrs=dim
  4   0   2 bg=AnsiValue(233)
  4   2   1 fg=Rgb { r: 248, g: 248, b: 242 } bg=AnsiValue(233)
  4   3  92 bg=AnsiValue(233)
  5   0   2 bg=AnsiValue(233)
  5   2   2 fg=Rgb { r: 248, g: 248, b: 242 } bg=AnsiValue(233)
  5   4   9 fg=Rgb { r: 253, g: 151, b: 31 } bg=AnsiValue(233)
  5  13   3 fg=Rgb { r: 248, g: 248, b: 242 } bg=AnsiValue(233)
  5  16  79 bg=AnsiValue(233)
  6   0   2 bg=AnsiValue(233)
  6   2   5 fg=Rgb { r: 248, g: 248, b: 242 } bg=AnsiValue(233)
  6   7  88 bg=AnsiValue(233)
  7   0   2 bg=AnsiValue(233)
  7   2   6 fg=Rgb { r: 248, g: 248, b: 242 } bg=AnsiValue(233)
  7   8   6 fg=Rgb { r: 253, g: 151, b: 31 } bg=AnsiValue(233)
  7  14   2 fg=Rgb { r: 248, g: 248, b: 242 } bg=AnsiValue(233)
  7  16   6 fg=Rgb { r: 230, g: 219, b: 116 } bg=AnsiValue(233)
  7  22   1 fg=Rgb { r: 248, g: 248, b: 242 } bg=AnsiValue(233)
  7  23  72 bg=AnsiValue(233)
  8   0   2 bg=AnsiValue(233)
  8   2   6 fg=Rgb { r: 248, g: 248, b: 242 } bg=AnsiValue(233)
  8   8   7 fg=Rgb { r: 253, g: 151, b: 31 } bg=AnsiValue(233)
  8  15   2 fg=Rgb { r: 248, g: 248, b: 242 } bg=AnsiValue(233)
  8  17   7 fg=Rgb { r: 230, g: 219, b: 116 } bg=AnsiValue(233)
  8  24   1 fg=Rgb { r: 248, g: 248, b: 242 } bg=AnsiValue(233)
  8  25  70 bg=AnsiValue(233)
  9   0   2 bg=AnsiValue(233)
  9   2   6 fg=Rgb { r: 248, g: 248, b: 242 } bg=AnsiValue(233)
  9   8   6 fg=Rgb { r: 253, g: 151, b: 31 } bg=AnsiValue(233)
  9  14   2 fg=Rgb { r: 248, g: 248, b: 242 } bg=AnsiValue(233)
  9  16  13 fg=Rgb { r: 230, g: 219, b: 116 } bg=AnsiValue(233)
  9  29  66 bg=AnsiValue(233)
 10   0   2 bg=AnsiValue(233)
 10   2   5 fg=Rgb { r: 248, g: 248, b: 242 } bg=AnsiValue(233)
 10   7  88 bg=AnsiValue(233)
 11   0   2 bg=AnsiValue(233)
 11   2   3 fg=Rgb { r: 248, g: 248, b: 242 } bg=AnsiValue(233)
 11   5  90 bg=AnsiValue(233)
 12   0   2 bg=AnsiValue(233)
 12   2   1 fg=Rgb { r: 248, g: 248, b: 242 } bg=AnsiValue(233)
 12   3  92 bg=AnsiValue(233)
 14   0   1 fg=AnsiValue(77)
 14   1   7 attrs=dim
 14  85  10 attrs=dim
 19   0   1 fg=AnsiValue(77)
 19   1  15 attrs=dim
 19  85  10 attrs=dim
 20   2  21 attrs=dim
 21   2  33 attrs=dim
 23   0   1 fg=AnsiValue(77)
 23   1  14 attrs=dim
 23  85  10 attrs=dim
 24   2  21 attrs=dim
 25   2  33 attrs=dim
 82   0   1 fg=AnsiValue(237)
 82   1   1 fg=Rgb { r: 198, g: 198, b: 198 } attrs=bold
 82   2   1 fg=Rgb { r: 175, g: 175, b: 175 } attrs=bold
 82   3   1 fg=Rgb { r: 157, g: 157, b: 157 } attrs=bold
 82   4   1 fg=Rgb { r: 144, g: 144, b: 144 } attrs=bold
 82   5   1 fg=Rgb { r: 140, g: 140, b: 140 } attrs=bold
 82   6   1 fg=Rgb { r: 144, g: 144, b: 144 } attrs=bold
 82   7   1 fg=Rgb { r: 157, g: 157, b: 157 } attrs=bold
 82   8   1 fg=Rgb { r: 175, g: 175, b: 175 } attrs=bold
 82   9   1 fg=Rgb { r: 198, g: 198, b: 198 } attrs=bold
 82  10   1 fg=Rgb { r: 220, g: 220, b: 220 } attrs=bold
 82  11   1 fg=Rgb { r: 238, g: 238, b: 238 } attrs=bold
 82  13  83 fg=AnsiValue(237)
 83   1   1 fg=Black bg=White
 84   0  96 fg=AnsiValue(237)
 85   0  10 fg=AnsiValue(244) bg=AnsiValue(234)
 85  10  78 bg=AnsiValue(233)
 85  88   8 fg=AnsiValue(244) bg=AnsiValue(233)
