---
source: crates/tui/tests/storybook/app_ctx.rs
assertion_line: 345
expression: frame.styles_text()
---
dim: 60 8
  0   0  59 attrs=dim
  1   0  53 attrs=dim
  2   0  24 attrs=dim
  4   0  60 fg=AnsiValue(237)
  5   1   1 fg=Black bg=White
  6   0  60 fg=AnsiValue(237)
  7   0  10 fg=AnsiValue(244) bg=AnsiValue(234)
  7  10  42 bg=AnsiValue(233)
  7  52   8 fg=AnsiValue(244) bg=AnsiValue(233)
