---
source: crates/tui/tests/storybook/app_ctx.rs
expression: frame.text()
---


  › follow-up 9
  › follow-up 10
  +8 more queued
  ◌ Stashed (ctrl+s to unstash)
─ ✿ working… ─────────────────────────────────────

──────────────────────────────────────────────────
 ○ normal                                 1:1 100%
