---
source: crates/tui/tests/storybook/app_ctx.rs
expression: frame.text()
---



  tip ctrl+enter, steer the current response without waiting for it t…
────────────────────────────────────────────────────────────────────────

────────────────────────────────────────────────────────────────────────
 pr… INSERT  normal  42.0 tok/s · permission pending · 2 procs 12:34 56%
