---
source: crates/tui/tests/storybook/app_ctx.rs
expression: frame.text()
---
 PAUSED Parser migration · Step 2/5, wiring parser state

 Please keep working toward the parser migration.








  tip ctrl+enter / ctrl+q, steer the current response without…
────────────────────────────────────────────────────────────────

────────────────────────────────────────────────────────────────
 ○ normal                                               1:1 100%
