---
source: crates/tui/tests/storybook/app_ctx.rs
expression: frame.text()
---
* language_server_status crates/core/src/lsp.rs
  {
    "servers": [
      {
        "name": "rust",
        "state": "ready",
        "root": "/repo/smelt"
      }
    ]
  }

* find_definition crates/core/src/lsp.rs
  [
    {
      "uri": "file:///repo/smelt/crates/core/src/lsp.rs",
      "range": {
        "start": { "line": 70, "character": 11 },
        "end": { "line": 70, "character": 21 }
      }
    }
  ]

* find_references crates/core/src/lsp.rs
  [
    {
      "uri": "file:///repo/smelt/crates/core/src/lua/api/lsp.rs",
      "range": {
        "start": { "line": 43, "character": 22 },
        "end": { "line": 43, "character": 32 }
      }
    }
  ]

* diagnostics crates/core/src/lsp.rs
  [
    {
      "range": {
        "start": { "line": 210, "character": 8 },
        "end": { "line": 210, "character": 17 }
      },
      "severity": 2,
      "message": "unused variable: settings"
    }
  ]

* preview_rename crates/core/src/lsp.rs
  {
    "changes": {
      "file:///repo/smelt/crates/core/src/lsp.rs": [
        {
          "range": {
            "start": { "line": 111, "character": 11 },
            "end": { "line": 111, "character": 21 }
          },
          "newText": "manager"
        }
      ]
    }
  }

* rename_symbol crates/core/src/lsp.rs
  {
    "applied": true,
    "files": ["/repo/smelt/crates/core/src/lsp.rs"],
    "edits": 1
  }
















─ ✿ working… ───────────────────────────────────────────────────────────────────────────────────

────────────────────────────────────────────────────────────────────────────────────────────────
 ○ normal                                                                               1:1 100%
