---
source: crates/tui/tests/storybook/app_ctx.rs
expression: frame.text()
---


  › follow-up 10
  › follow-up 11
  › follow-up 12
  +9 more queued
─ ✿ working… ─────────────────────────────────────

──────────────────────────────────────────────────
 ○ normal                                 1:1 100%
