---
source: crates/tui/tests/storybook/app_ctx.rs
assertion_line: 345
expression: frame.styles_text()
---
dim: 60 10
  5   1   5 fg=AnsiValue(9) attrs=bold
  5   8  42 attrs=dim
  6   1   5 fg=AnsiValue(244) attrs=dim
  7   1   1 fg=Black bg=White
  9   0  10 fg=AnsiValue(244) bg=AnsiValue(233)
  9  10  50 bg=AnsiValue(233)
