---
source: crates/tui/tests/storybook/app_ctx.rs
expression: frame.text()
---
* edit_file src/lib.rs
  1 removed, 1 added




─ ✿ working… ─────────────────────────────────────────────────────────

──────────────────────────────────────────────────────────────────────
 ○ normal                                                     1:1 100%
