---
source: crates/tui/tests/storybook/app_ctx.rs
assertion_line: 385
expression: frame.styles_text()
---
dim: 60 16
  0   0  59 bg=AnsiValue(236)
  1   0   1 bg=AnsiValue(236)
  1   1  16 bg=AnsiValue(236) attrs=bold
  1  17  42 bg=AnsiValue(236)
  2   0  59 bg=AnsiValue(236)
  4   0  59 bg=AnsiValue(236)
  5   0   1 bg=AnsiValue(236)
  5   1  16 bg=AnsiValue(236) attrs=bold
  5  17  42 bg=AnsiValue(236)
  6   0  59 bg=AnsiValue(236)
  7   0   2 fg=AnsiValue(208)
  7   2   6 fg=AnsiValue(208) attrs=dim
  7   8  52 fg=AnsiValue(208)
  8   1   4 attrs=dim
  9   1   4 attrs=dim
 10   1   4 attrs=dim
 11   0   1 bg=AnsiValue(237)
 11   1   1 fg=Black bg=White
 11   2   3 bg=AnsiValue(237) attrs=dim
 11   5   9 fg=AnsiValue(208) bg=AnsiValue(237)
 11  14  46 bg=AnsiValue(237)
 15   0  10 fg=AnsiValue(244) bg=AnsiValue(234)
 15  10  42 bg=AnsiValue(233)
 15  52   8 fg=AnsiValue(244) bg=AnsiValue(233)
