---
source: crates/tui/tests/storybook/app_ctx.rs
expression: frame.text()
---
 /brief        summarize planned or completed chan
 /branch       fork current session
──────────────────────────────────────────────────
 /
──────────────────────────────────────────────────
 ○ normal                                 1:1 100%
