---
source: crates/tui/tests/storybook/app_ctx.rs
expression: frame.styles_text()
---
dim: 70 12
  0   0   1 fg=AnsiValue(77)
  0   1  11 attrs=dim
  1   2  27 attrs=dim
  2   2  61 attrs=dim
  8   0  67 fg=AnsiValue(237)
  8  67   1 fg=AnsiValue(244)
  8  69   1 fg=AnsiValue(237)
  9   1   1 fg=Black bg=White
 10   0  70 fg=AnsiValue(237)
 11   0  70 bg=AnsiValue(233)
