---
source: crates/tui/tests/storybook/app_ctx.rs
assertion_line: 345
expression: frame.styles_text()
---
dim: 50 8
  0   0  49 bg=AnsiValue(236)
  1   0   1 bg=AnsiValue(236)
  1   1  48 bg=AnsiValue(236) attrs=bold
  2   0  49 bg=AnsiValue(236)
  5   1   1 fg=Black bg=White
  7   0  10 fg=AnsiValue(244) bg=AnsiValue(233)
  7  10  40 bg=AnsiValue(233)
