---
source: crates/tui/tests/storybook/app_ctx.rs
expression: text
---
* grep confirm_dialog in crates/tui/src                      14:37:03
  0 matches





──────────────────────────────────────────────────────────────────────
 grep: confirm_dialog in crates/tui/src

 Allow?
  1. allow once
  2. deny
  3. allow grep for this session
  4. allow grep in workspace ~/cwd

  press tab to add a reason…
 ○ normal                                                       1:1 0%
