---
source: crates/tui/tests/storybook/app_ctx.rs
expression: frame.text()
---
* web_fetch https://example.com/release







─ ✿ working… ─────────────────────────────────────────────────────────

──────────────────────────────────────────────────────────────────────
 ○ normal                                                     1:1 100%
