---
source: crates/tui/tests/storybook/app_ctx.rs
assertion_line: 344
expression: frame.text()
---


 /docs         open the smelt documentation in you
 /cost         show session cost
 /compact      compact conversation history
 /color        set task slug color
 /clear        start new conversation
 /changelog    show release notes for the latest s
 /btw          ask a side question
 /branch       fork current session
──────────────────────────────────────────────────
 /
──────────────────────────────────────────────────
 ○ normal                                 1:1 100%
