---
source: crates/tui/tests/storybook/app_ctx.rs
expression: frame.text()
---








─ ps ─────────────────────────────────────────────────────────────────
 filter jobs…
   proc_123       2m 05s  ls -ld /Users/leo/.dotfiles; realpath /User










 ○ normal                                                     1:1 100%
