---
source: crates/tui/tests/storybook/app_ctx.rs
expression: frame.text()
---

  info  this is a notification
  › follow-up 8
  › follow-up 9
  › follow-up 10
  +7 more queued
─ ✿ working… ─────────────────────────────────────

──────────────────────────────────────────────────
 ○ normal                                 1:1 100%
