---
source: crates/tui/tests/storybook/app_ctx.rs
expression: frame.text()
---
* edit_notebook analysis.ipynb
  replaced cell, 2 lines










─ ✿ working… ───────────────────────────────────────────────────────────────────

────────────────────────────────────────────────────────────────────────────────
 ○ normal                                                               1:1 100%
