---
source: crates/tui/tests/storybook/app_ctx.rs
expression: frame.text()
---
┏━━━━━━━━━━┳━━━━━━━━┳━━━━━━━━━━━┓
┃ feature  ┃ status ┃ notes     ┃
┣━━━━━━━━━━╋━━━━━━━━╋━━━━━━━━━━━┫
┃ parser   ┃ done   ┃ streaming ┃
┃ renderer ┃ wip    ┃ tables    ┃
┗━━━━━━━━━━┻━━━━━━━━┻━━━━━━━━━━━┛


─────────────────────────────────────────────────────────  ─

────────────────────────────────────────────────────────────
