---
source: crates/tui/tests/storybook/app_ctx.rs
expression: frame.styles_text()
---
dim: 50 10
  4   0  50 fg=AnsiValue(237)
  7  11   1 fg=Black bg=White
  8   0  50 fg=AnsiValue(237)
  9   0  10 fg=AnsiValue(244) bg=AnsiValue(234)
  9  10  32 bg=AnsiValue(233)
  9  42   8 fg=AnsiValue(244) bg=AnsiValue(233)
