---
source: crates/tui/tests/storybook/app_ctx.rs
expression: frame.text()
---

 gpt-4.1          copilot
 claude-sonnet-4  anthropic
 gpt-5            openai
──────────────────────────────────────────────────

──────────────────────────────────────────────────
 ○ normal                                 1:1 100%
