---
source: crates/tui/tests/storybook/app_ctx.rs
expression: text
---
* explore ×2                                           14:37:03
  read_file a.rs
  read_file b.rs





─ ✿ working… ───────────────────────────────────────────────────

────────────────────────────────────────────────────────────────
 ○ normal                                               1:1 100%
