---
source: crates/tui/tests/storybook/app_ctx.rs
expression: frame.text()
---







  tip ctrl+enter / ctrl+q, steer the current response without waiti…
─ stats ──────────────────────────────────────────────────────────────
 No metrics recorded yet.

 ○ normal                                                     1:1 100%
