---
source: crates/tui/tests/storybook/app_ctx.rs
expression: frame.text()
---

 write the parser



 add the renderer



 wire up the CLI flag
─ rewind ───────────────────────────────────────────────────
  1. write the parser
  2. add the renderer
  3. wire up the CLI flag
  4. (current)
 ○ normal                                           4:1 100%
