---
source: crates/tui/tests/storybook/app_ctx.rs
expression: frame.text()
---
First in rust:

let x = 1;

Then in python:

x = 1
print(x)

Done.




─ ✿ working… ───────────────────────────────────────────────

────────────────────────────────────────────────────────────
 ○ normal                                           1:1 100%
