---
source: crates/tui/tests/storybook/app_ctx.rs
expression: frame.text()
---
───────────────────────── compacting ──────────────────────────


  tip ctrl+enter / ctrl+q, steer the current response without…
────────────────────────────────────────────────────────────────

────────────────────────────────────────────────────────────────
 ○ normal                                               1:1 100%
