---
source: crates/tui/tests/storybook/app_ctx.rs
expression: frame.text()
---







────────────────────────────────────────────────────────────────────────────────
 edit_notebook: insert.ipynb
╌╌╌╌╌╌╌╌╌╌╌╌╌╌╌╌╌╌╌╌╌╌╌╌╌╌╌╌╌╌╌╌╌╌╌╌╌╌╌╌╌╌╌╌╌╌╌╌╌╌╌╌╌╌╌╌╌╌╌╌╌╌╌╌╌╌╌╌╌╌╌╌╌╌╌╌╌╌╌╌
 insert cell 1 [code]
  1   import numpy as np
  2   x = np.arange(10)
╌╌╌╌╌╌╌╌╌╌╌╌╌╌╌╌╌╌╌╌╌╌╌╌╌╌╌╌╌╌╌╌╌╌╌╌╌╌╌╌╌╌╌╌╌╌╌╌╌╌╌╌╌╌╌╌╌╌╌╌╌╌╌╌╌╌╌╌╌╌╌╌╌╌╌╌╌╌╌╌
 Allow?
  1. allow once
  2. deny
  3. allow edit_notebook for this session
  4. allow edit_notebook in ~/cwd

  press tab to add a reason…
 ○ normal                                                                 1:1 0%
