---
source: crates/tui/tests/storybook/app_ctx.rs
expression: frame.text()
---







  tip ctrl+enter, steer the current response without waiting for it…
─ messages (0) ───────────────────────────────────────────────────────
   (no messages)

 ○ normal                                                     1:1 100%
