---
source: crates/tui/tests/storybook/app_ctx.rs
assertion_line: 345
expression: frame.styles_text()
---
dim: 50 12
  0   0  49 bg=AnsiValue(236)
  1   0   1 bg=AnsiValue(236)
  1   1   1 fg=AnsiValue(197) bg=AnsiValue(236) attrs=bold
  1   2  47 bg=AnsiValue(236) attrs=bold
  2   0  49 bg=AnsiValue(236)
  3   0   8 attrs=dim
  4   0   9 attrs=dim
  5   0  11 attrs=dim
  9   1   1 fg=Black bg=White
 11   0  10 fg=AnsiValue(244) bg=AnsiValue(233)
 11  10  40 bg=AnsiValue(233)
