---
source: crates/tui/tests/storybook/app_ctx.rs
expression: text
---
* bash ls -la /tmp/foo                                                 14:37:03









────────────────────────────────────────────────────────────────────────────────
 bash: ls -la /tmp/foo
 List files in /tmp/foo

 Allow?
  1. allow once
  2. deny
  3. allow ls * for this session
  4. allow ls * in workspace ~/cwd

  press tab to add a reason…
 ○ normal                                                                 1:1 0%
