---
source: crates/tui/tests/storybook/app_ctx.rs
expression: frame.styles_text()
---
dim: 50 8
  0   0   1 bg=AnsiValue(236)
  0   1  39 bg=AnsiValue(236) attrs=bold
  0  40   9 bg=AnsiValue(236)
  0  49   1 bg=AnsiValue(235)
  1   0  49 bg=AnsiValue(236)
  1  49   1 bg=AnsiValue(243)
  3   0   6 fg=AnsiValue(208) attrs=bold
  3   6  19 fg=AnsiValue(244)
  3  25   2 fg=AnsiValue(244) attrs=dim
  3  27  21 fg=AnsiValue(244)
  4   0  50 fg=AnsiValue(237)
  5   1   1 fg=Black bg=White
  6   0  50 fg=AnsiValue(237)
  7   0  10 fg=AnsiValue(244) bg=AnsiValue(234)
  7  10  32 bg=AnsiValue(233)
  7  42   8 fg=AnsiValue(244) bg=AnsiValue(233)
