---
source: crates/tui/tests/storybook/app_ctx.rs
assertion_line: 384
expression: frame.text()
---














────────────────────────────────────────────────────────────────────────────────
 edit_notebook: analysis.ipynb
╌╌╌╌╌╌╌╌╌╌╌╌╌╌╌╌╌╌╌╌╌╌╌╌╌╌╌╌╌╌╌╌╌╌╌╌╌╌╌╌╌╌╌╌╌╌╌╌╌╌╌╌╌╌╌╌╌╌╌╌╌╌╌╌╌╌╌╌╌╌╌╌╌╌╌╌╌╌╌╌
 replace cell 1 [code] id=load
  3 + print(df.head())
╌╌╌╌╌╌╌╌╌╌╌╌╌╌╌╌╌╌╌╌╌╌╌╌╌╌╌╌╌╌╌╌╌╌╌╌╌╌╌╌╌╌╌╌╌╌╌╌╌╌╌╌╌╌╌╌╌╌╌╌╌╌╌╌╌╌╌╌╌╌╌╌╌╌╌╌╌╌╌╌
 Allow?
  1. yes
  2. no
  3. always allow
  4. always allow in ~/cwd

  press tab to add a reason…
 ○ normal                                                                 1:1 0%
