---
source: crates/tui/tests/storybook/app_ctx.rs
expression: frame.styles_text()
---
dim: 72 8
  3   0   6 fg=AnsiValue(208) attrs=bold
  3   6  19 fg=AnsiValue(244)
  3  25   2 fg=AnsiValue(244) attrs=dim
  3  27  43 fg=AnsiValue(244)
  4   0  72 fg=AnsiValue(237)
  5   1   1 fg=Black bg=White
  6   0  72 fg=AnsiValue(237)
  7   0   3 fg=AnsiValue(244) bg=AnsiValue(233)
  7   3   8 fg=AnsiValue(78) bg=AnsiValue(236)
  7  11   8 fg=AnsiValue(244) bg=AnsiValue(234)
  7  19   1 bg=AnsiValue(233)
  7  20  11 fg=AnsiValue(244) bg=AnsiValue(233)
  7  31   3 fg=AnsiValue(237) bg=AnsiValue(233) attrs=dim
  7  34  18 fg=AnsiValue(208) bg=AnsiValue(233) attrs=bold
  7  52   3 fg=AnsiValue(237) bg=AnsiValue(233) attrs=dim
  7  55   7 fg=AnsiValue(117) bg=AnsiValue(233)
  7  62   1 bg=AnsiValue(233)
  7  63   9 fg=AnsiValue(244) bg=AnsiValue(233)
