---
source: crates/tui/tests/storybook/app_ctx.rs
expression: frame.styles_text()
---
dim: 70 12
  7   0   6 fg=AnsiValue(208) attrs=bold
  7   6  10 fg=AnsiValue(244)
  7  16   2 fg=AnsiValue(244) attrs=dim
  7  18  50 fg=AnsiValue(244)
  8   0   2 fg=AnsiValue(208)
  8   2   5 fg=AnsiValue(208) attrs=dim
  8   7  63 fg=AnsiValue(208)
  9   1   1 fg=Black bg=White
  9   2  23 fg=AnsiValue(208) attrs=bold
 11   0  10 fg=AnsiValue(244) bg=AnsiValue(234)
 11  10  52 bg=AnsiValue(233)
 11  62   8 fg=AnsiValue(244) bg=AnsiValue(233)
