---
source: crates/tui/tests/storybook/app_ctx.rs
assertion_line: 384
expression: frame.text()
---




 show thinking               on
 show slug                   on
 show prediction             on
 show cost                   on
 show tokens                 on
 show tps                    on
 auto compact                on
 vim                         off
──────────────────────────────────────────────────────────────────────

──────────────────────────────────────────────────────────────────────
 ○ normal                                                     1:1 100%
