---
source: crates/tui/tests/storybook/app_ctx.rs
assertion_line: 607
expression: frame.text()
---
* explore ×2
  read_file a.rs
  read_file b.rs





─ ✿ working… ───────────────────────────────────────────────────

────────────────────────────────────────────────────────────────
 ○ normal                                               1:1 100%
