---
source: crates/tui/tests/storybook/app_ctx.rs
expression: frame.text()
---
* language_server_status crates/core/src/lsp.rs

* find_definition crates/core/src/lsp.rs

* find_references crates/core/src/lsp.rs

* diagnostics crates/core/src/lsp.rs

* preview_rename crates/core/src/lsp.rs

* rename_symbol crates/core/src/lsp.rs







































































─ ✿ working… ───────────────────────────────────────────────────────────────────────────────────

────────────────────────────────────────────────────────────────────────────────────────────────
 ○ normal                                                                               1:1 100%
