---
source: crates/tui/tests/storybook/app_ctx.rs
expression: frame.text()
---


    ┌ help ───────────────────────────────────────────┐
    │prefixes                                         │
    │  /command  commands (try /resume, /compact,     │
    │            /fork, /ps, /color…)                 │
    │  @<path>  attach a file or URL                  │
    │  !<cmd>  run a shell command                    │
    │                                                 │
    │keys                                             │
    │  enter  send / queue for later                  │
    │  ctrl+enter / ctrl+q  steer current response    │
    │  ctrl+j / shift+enter  insert newline           │
    │  ctrl+c  cancel / interrupt / quit              │
────└─────────────────────────────────────────────────┘─────

────────────────────────────────────────────────────────────
 ○ normal                                             1:1 0%
