---
source: crates/tui/tests/storybook/app_ctx.rs
assertion_line: 595
expression: frame.text()
---
* outline crates/core/src/lsp.rs, function containing "request", depth 2
  2 symbols

* language_server_status crates/core/src/lsp.rs

* lsp ×3
  find_definition crates/core/src/lsp.rs:111:12
  find_references crates/core/src/lsp.rs:111:12
  diagnostics crates/core/src/lsp.rs

* preview_rename crates/core/src/lsp.rs:111:12 to "manager"

* rename_symbol crates/core/src/lsp.rs:111:12 to "manager"





































































─ ✿ working… ───────────────────────────────────────────────────────────────────────────────────

────────────────────────────────────────────────────────────────────────────────────────────────
 ○ normal                                                                               1:1 100%
