---
source: crates/tui/tests/storybook/app_ctx.rs
expression: frame.text()
---
* write_file src/greet.rs
  wrote 3 lines








─ ✿ working… ─────────────────────────────────────────────────────────

──────────────────────────────────────────────────────────────────────
 ○ normal                                                     1:1 100%
