---
source: crates/tui/tests/storybook/app_ctx.rs
expression: text
---
* write_file src/greet.rs
  wrote 3 lines

* write_file src/pending.rs                                          14:37:03
  wrote 1 lines

* write_file src/greet.rs                                            14:37:03
  wrote 3 lines

* write_file /root/forbidden.rs                                      14:37:03
  permission denied: /root/forbidden.rs







─ ✿ working… ─────────────────────────────────────────────────────────────────

──────────────────────────────────────────────────────────────────────────────
 ○ normal                                                             1:1 100%
