---
source: crates/tui/tests/storybook/app_ctx.rs
assertion_line: 344
expression: frame.text()
---










────────────────────────────────────────────────────────────────────────────────
 bash: ls -la /tmp/foo
 List files in /tmp/foo

 Allow?
  1. yes
  2. no
  3. allow bash:ls
  4. allow bash:ls in ~/cwd

  press tab to add a reason…
 ○ normal                                                                 1:1 0%
