---
source: crates/tui/tests/storybook/app_ctx.rs
expression: frame.text()
---























  tip ctrl+enter / ctrl+q, steer the current response without waiting for…
────────────────────────────────────────────────────────────── gpt-5-codex ─

────────────────────────────────────────────────────────────────────────────
 ○ normal                                                           1:1 100%
