---
source: crates/tui/tests/storybook/app_ctx.rs
assertion_line: 515
expression: frame.text()
---

 src/main.rs
 src
  error  file lookup failed
──────────────────────────────────────────────────
 @
──────────────────────────────────────────────────
 ○ normal                                 1:1 100%
