---
source: crates/tui/tests/storybook/app_ctx.rs
assertion_line: 345
expression: frame.styles_text()
---
dim: 80 28
 12   0  80 fg=AnsiValue(208)
 13   1   9 fg=AnsiValue(208)
 14   0  80 fg=AnsiValue(244)
 15   1   5 fg=Red bg=Rgb { r: 60, g: 20, b: 20 }
 15   6   2 fg=Rgb { r: 102, g: 217, b: 239 } bg=Rgb { r: 60, g: 20, b: 20 }
 15   8   1 fg=Rgb { r: 248, g: 248, b: 242 } bg=Rgb { r: 60, g: 20, b: 20 }
 15   9   3 fg=Rgb { r: 166, g: 226, b: 46 } bg=Rgb { r: 60, g: 20, b: 20 }
 15  12   1 fg=Rgb { r: 248, g: 248, b: 242 } bg=Rgb { r: 60, g: 20, b: 20 }
 15  13   1 fg=Rgb { r: 253, g: 151, b: 31 } bg=Rgb { r: 60, g: 20, b: 20 }
 15  14   2 fg=Rgb { r: 248, g: 248, b: 242 } bg=Rgb { r: 60, g: 20, b: 20 }
 15  16   3 fg=Rgb { r: 102, g: 217, b: 239 } bg=Rgb { r: 60, g: 20, b: 20 }
 15  19   2 fg=Rgb { r: 248, g: 248, b: 242 } bg=Rgb { r: 60, g: 20, b: 20 }
 15  21   1 fg=Rgb { r: 253, g: 151, b: 31 } bg=Rgb { r: 60, g: 20, b: 20 }
 15  22   2 fg=Rgb { r: 248, g: 248, b: 242 } bg=Rgb { r: 60, g: 20, b: 20 }
 15  24   3 fg=Rgb { r: 102, g: 217, b: 239 } bg=Rgb { r: 60, g: 20, b: 20 }
 15  27   5 fg=Rgb { r: 248, g: 248, b: 242 } bg=Rgb { r: 60, g: 20, b: 20 }
 15  32   3 fg=Rgb { r: 102, g: 217, b: 239 } bg=Rgb { r: 60, g: 20, b: 20 }
 15  35   2 fg=Rgb { r: 248, g: 248, b: 242 } bg=Rgb { r: 60, g: 20, b: 20 }
 15  37  41 bg=Rgb { r: 60, g: 20, b: 20 }
 16   1   5 fg=Red bg=Rgb { r: 60, g: 20, b: 20 }
 16   6   6 fg=Rgb { r: 248, g: 248, b: 242 } bg=Rgb { r: 60, g: 20, b: 20 }
 16  12   1 fg=Rgb { r: 249, g: 38, b: 114 } bg=Rgb { r: 60, g: 20, b: 20 }
 16  13   2 fg=Rgb { r: 248, g: 248, b: 242 } bg=Rgb { r: 60, g: 20, b: 20 }
 16  15  63 bg=Rgb { r: 60, g: 20, b: 20 }
 17   1   5 fg=Green bg=Rgb { r: 20, g: 50, b: 20 }
 17   6   2 fg=Rgb { r: 102, g: 217, b: 239 } bg=Rgb { r: 20, g: 50, b: 20 }
 17   8   1 fg=Rgb { r: 248, g: 248, b: 242 } bg=Rgb { r: 20, g: 50, b: 20 }
 17   9   3 fg=Rgb { r: 166, g: 226, b: 46 } bg=Rgb { r: 20, g: 50, b: 20 }
 17  12   1 fg=Rgb { r: 248, g: 248, b: 242 } bg=Rgb { r: 20, g: 50, b: 20 }
 17  13   1 fg=Rgb { r: 253, g: 151, b: 31 } bg=Rgb { r: 20, g: 50, b: 20 }
 17  14   2 fg=Rgb { r: 248, g: 248, b: 242 } bg=Rgb { r: 20, g: 50, b: 20 }
 17  16   3 fg=Rgb { r: 102, g: 217, b: 239 } bg=Rgb { r: 20, g: 50, b: 20 }
 17  19   2 fg=Rgb { r: 248, g: 248, b: 242 } bg=Rgb { r: 20, g: 50, b: 20 }
 17  21   1 fg=Rgb { r: 253, g: 151, b: 31 } bg=Rgb { r: 20, g: 50, b: 20 }
 17  22   2 fg=Rgb { r: 248, g: 248, b: 242 } bg=Rgb { r: 20, g: 50, b: 20 }
 17  24   3 fg=Rgb { r: 102, g: 217, b: 239 } bg=Rgb { r: 20, g: 50, b: 20 }
 17  27   5 fg=Rgb { r: 248, g: 248, b: 242 } bg=Rgb { r: 20, g: 50, b: 20 }
 17  32   3 fg=Rgb { r: 102, g: 217, b: 239 } bg=Rgb { r: 20, g: 50, b: 20 }
 17  35   2 fg=Rgb { r: 248, g: 248, b: 242 } bg=Rgb { r: 20, g: 50, b: 20 }
 17  37  41 bg=Rgb { r: 20, g: 50, b: 20 }
 18   1   5 fg=Green bg=Rgb { r: 20, g: 50, b: 20 }
 18   6   6 fg=Rgb { r: 248, g: 248, b: 242 } bg=Rgb { r: 20, g: 50, b: 20 }
 18  12  11 fg=Rgb { r: 102, g: 217, b: 239 } bg=Rgb { r: 20, g: 50, b: 20 }
 18  23   4 fg=Rgb { r: 248, g: 248, b: 242 } bg=Rgb { r: 20, g: 50, b: 20 }
 18  27   6 fg=Rgb { r: 102, g: 217, b: 239 } bg=Rgb { r: 20, g: 50, b: 20 }
 18  33   1 fg=Rgb { r: 248, g: 248, b: 242 } bg=Rgb { r: 20, g: 50, b: 20 }
 18  34  10 fg=Rgb { r: 230, g: 219, b: 116 } bg=Rgb { r: 20, g: 50, b: 20 }
 18  44   1 fg=Rgb { r: 248, g: 248, b: 242 } bg=Rgb { r: 20, g: 50, b: 20 }
 18  45  33 bg=Rgb { r: 20, g: 50, b: 20 }
 19   0  80 fg=AnsiValue(244)
 20   1   6 attrs=dim
 21   0   1 bg=AnsiValue(237)
 21   1   1 fg=Black bg=White
 21   2   3 bg=AnsiValue(237) attrs=dim
 21   5   3 fg=AnsiValue(208) bg=AnsiValue(237)
 21   8  72 bg=AnsiValue(237)
 22   1   4 attrs=dim
 23   1   4 attrs=dim
 24   1   4 attrs=dim
 26   2  26 attrs=dim
 27   0  10 fg=AnsiValue(244) bg=AnsiValue(234)
 27  10  64 bg=AnsiValue(233)
 27  74   6 fg=AnsiValue(244) bg=AnsiValue(233)
