---
source: crates/tui/tests/storybook/app_ctx.rs
expression: frame.text()
---
* edit_file src/lib.rs
  3 removed, 3 added










─ ✿ working… ───────────────────────────────────────────────────────────────────

────────────────────────────────────────────────────────────────────────────────
 ○ normal                                                               1:1 100%
