---
source: crates/tui/tests/storybook/app_ctx.rs
assertion_line: 542
expression: frame.text()
---
* edit_file src/lib.rs
  read_file must be called before edit_file

* edit_file src/blocked.rs










─ ✿ working… ───────────────────────────────────────────────────────────────────────

────────────────────────────────────────────────────────────────────────────────────
 ○ normal                                                                   1:1 100%
