---
source: crates/tui/tests/storybook/app_ctx.rs
expression: text
---
* bash for f in *.rs; do                                               14:37:03
         rustfmt "$f"
       done








────────────────────────────────────────────────────────────────────────────────
 bash: for f in *.rs; do
         rustfmt "$f"
       done

 Allow?
  1. allow once
  2. deny

  press tab to add a reason…
 ○ normal                                                                 1:1 0%
