---
source: crates/tui/tests/storybook/app_ctx.rs
assertion_line: 394
expression: frame.text()
---
Working on it…




  error  provider returned 503: service unavailable
─ interrupted ──────────────────────────────────────────────

────────────────────────────────────────────────────────────
 ○ normal                                           1:1 100%
