---
source: crates/tui/tests/storybook/app_ctx.rs
assertion_line: 464
expression: frame.text()
---
* glob ×3 (1 error)
  **/*.rs in crates/term
  missing/**/*.rs
  [invalid










─ ✿ working… ───────────────────────────────────────────────────────────

────────────────────────────────────────────────────────────────────────
 ○ normal                                                       1:1 100%
