---
source: crates/tui/tests/storybook/app_ctx.rs
expression: frame.styles_text()
---
dim: 50 10
  0   0   1 bg=AnsiValue(236)
  0   1  48 bg=AnsiValue(236) attrs=bold
  0  49   1 bg=AnsiValue(235)
  1   0   1 bg=AnsiValue(236)
  1   1  48 bg=AnsiValue(236) attrs=bold
  1  49   1 bg=AnsiValue(243)
  2   0   1 bg=AnsiValue(236)
  2   1  48 bg=AnsiValue(236) attrs=bold
  2  49   1 bg=AnsiValue(243)
  3   0   1 bg=AnsiValue(236)
  3   1  48 bg=AnsiValue(236) attrs=bold
  3  49   1 bg=AnsiValue(243)
  4   0  49 bg=AnsiValue(236)
  4  49   1 bg=AnsiValue(243)
  6   0  47 fg=AnsiValue(237)
  6  47   1 fg=AnsiValue(244)
  6  49   1 fg=AnsiValue(237)
  7   1   1 fg=Black bg=White
  8   0  50 fg=AnsiValue(237)
  9   0  50 bg=AnsiValue(233)
