---
source: crates/tui/tests/storybook/app_ctx.rs
expression: text
---
* outline crates/core/src/lsp.rs, function containing "request", depth 2               14:37:03
  2 symbols

* language_server_status crates/core/src/lsp.rs                                        14:37:03

* lsp ×3                                                                               14:37:03
  find_definition crates/core/src/lsp.rs:111:12
  find_references crates/core/src/lsp.rs:111:12
  diagnostics crates/core/src/lsp.rs

* preview_rename crates/core/src/lsp.rs:111:12 to "manager"                            14:37:03

* rename_symbol crates/core/src/lsp.rs:111:12 to "manager"                             14:37:03





































































─ ✿ working… ───────────────────────────────────────────────────────────────────────────────────

────────────────────────────────────────────────────────────────────────────────────────────────
 ○ normal                                                                               1:1 100%
