---
source: crates/tui/tests/storybook/app_ctx.rs
expression: frame.text()
---

> Always validate at the boundary.
> Never trust caller input.

Got it.

─ ✿ working… ───────────────────────────────────────────────

────────────────────────────────────────────────────────────
 ○ normal                                           1:1 100%
