---
source: crates/tui/tests/storybook/app_ctx.rs
expression: frame.styles_text()
---
dim: 80 16
  0   0   1 fg=AnsiValue(77)
  0   1  11 attrs=dim
  1   0   2 bg=Rgb { r: 60, g: 20, b: 20 }
  1   2   5 fg=Red bg=Rgb { r: 60, g: 20, b: 20 }
  1   7   2 fg=Rgb { r: 102, g: 217, b: 239 } bg=Rgb { r: 60, g: 20, b: 20 }
  1   9   1 fg=Rgb { r: 248, g: 248, b: 242 } bg=Rgb { r: 60, g: 20, b: 20 }
  1  10   3 fg=Rgb { r: 166, g: 226, b: 46 } bg=Rgb { r: 60, g: 20, b: 20 }
  1  13   1 fg=Rgb { r: 248, g: 248, b: 242 } bg=Rgb { r: 60, g: 20, b: 20 }
  1  14   1 fg=Rgb { r: 253, g: 151, b: 31 } bg=Rgb { r: 60, g: 20, b: 20 }
  1  15   2 fg=Rgb { r: 248, g: 248, b: 242 } bg=Rgb { r: 60, g: 20, b: 20 }
  1  17   3 fg=Rgb { r: 102, g: 217, b: 239 } bg=Rgb { r: 60, g: 20, b: 20 }
  1  20   2 fg=Rgb { r: 248, g: 248, b: 242 } bg=Rgb { r: 60, g: 20, b: 20 }
  1  22   1 fg=Rgb { r: 253, g: 151, b: 31 } bg=Rgb { r: 60, g: 20, b: 20 }
  1  23   2 fg=Rgb { r: 248, g: 248, b: 242 } bg=Rgb { r: 60, g: 20, b: 20 }
  1  25   3 fg=Rgb { r: 102, g: 217, b: 239 } bg=Rgb { r: 60, g: 20, b: 20 }
  1  28   5 fg=Rgb { r: 248, g: 248, b: 242 } bg=Rgb { r: 60, g: 20, b: 20 }
  1  33   3 fg=Rgb { r: 102, g: 217, b: 239 } bg=Rgb { r: 60, g: 20, b: 20 }
  1  36   2 fg=Rgb { r: 248, g: 248, b: 242 } bg=Rgb { r: 60, g: 20, b: 20 }
  1  38  41 bg=Rgb { r: 60, g: 20, b: 20 }
  2   0   2 bg=Rgb { r: 60, g: 20, b: 20 }
  2   2   5 fg=Red bg=Rgb { r: 60, g: 20, b: 20 }
  2   7   6 fg=Rgb { r: 248, g: 248, b: 242 } bg=Rgb { r: 60, g: 20, b: 20 }
  2  13   1 fg=Rgb { r: 249, g: 38, b: 114 } bg=Rgb { r: 60, g: 20, b: 20 }
  2  14   2 fg=Rgb { r: 248, g: 248, b: 242 } bg=Rgb { r: 60, g: 20, b: 20 }
  2  16  63 bg=Rgb { r: 60, g: 20, b: 20 }
  3   0   2 bg=Rgb { r: 20, g: 50, b: 20 }
  3   2   5 fg=Green bg=Rgb { r: 20, g: 50, b: 20 }
  3   7   2 fg=Rgb { r: 102, g: 217, b: 239 } bg=Rgb { r: 20, g: 50, b: 20 }
  3   9   1 fg=Rgb { r: 248, g: 248, b: 242 } bg=Rgb { r: 20, g: 50, b: 20 }
  3  10   3 fg=Rgb { r: 166, g: 226, b: 46 } bg=Rgb { r: 20, g: 50, b: 20 }
  3  13   1 fg=Rgb { r: 248, g: 248, b: 242 } bg=Rgb { r: 20, g: 50, b: 20 }
  3  14   1 fg=Rgb { r: 253, g: 151, b: 31 } bg=Rgb { r: 20, g: 50, b: 20 }
  3  15   2 fg=Rgb { r: 248, g: 248, b: 242 } bg=Rgb { r: 20, g: 50, b: 20 }
  3  17   3 fg=Rgb { r: 102, g: 217, b: 239 } bg=Rgb { r: 20, g: 50, b: 20 }
  3  20   2 fg=Rgb { r: 248, g: 248, b: 242 } bg=Rgb { r: 20, g: 50, b: 20 }
  3  22   1 fg=Rgb { r: 253, g: 151, b: 31 } bg=Rgb { r: 20, g: 50, b: 20 }
  3  23   2 fg=Rgb { r: 248, g: 248, b: 242 } bg=Rgb { r: 20, g: 50, b: 20 }
  3  25   3 fg=Rgb { r: 102, g: 217, b: 239 } bg=Rgb { r: 20, g: 50, b: 20 }
  3  28   5 fg=Rgb { r: 248, g: 248, b: 242 } bg=Rgb { r: 20, g: 50, b: 20 }
  3  33   3 fg=Rgb { r: 102, g: 217, b: 239 } bg=Rgb { r: 20, g: 50, b: 20 }
  3  36   2 fg=Rgb { r: 248, g: 248, b: 242 } bg=Rgb { r: 20, g: 50, b: 20 }
  3  38  41 bg=Rgb { r: 20, g: 50, b: 20 }
  4   0   2 bg=Rgb { r: 20, g: 50, b: 20 }
  4   2   5 fg=Green bg=Rgb { r: 20, g: 50, b: 20 }
  4   7   6 fg=Rgb { r: 248, g: 248, b: 242 } bg=Rgb { r: 20, g: 50, b: 20 }
  4  13  11 fg=Rgb { r: 102, g: 217, b: 239 } bg=Rgb { r: 20, g: 50, b: 20 }
  4  24   4 fg=Rgb { r: 248, g: 248, b: 242 } bg=Rgb { r: 20, g: 50, b: 20 }
  4  28   6 fg=Rgb { r: 102, g: 217, b: 239 } bg=Rgb { r: 20, g: 50, b: 20 }
  4  34   1 fg=Rgb { r: 248, g: 248, b: 242 } bg=Rgb { r: 20, g: 50, b: 20 }
  4  35  10 fg=Rgb { r: 230, g: 219, b: 116 } bg=Rgb { r: 20, g: 50, b: 20 }
  4  45   1 fg=Rgb { r: 248, g: 248, b: 242 } bg=Rgb { r: 20, g: 50, b: 20 }
  4  46  33 bg=Rgb { r: 20, g: 50, b: 20 }
 12   0   1 fg=AnsiValue(237)
 12   1   1 fg=Rgb { r: 198, g: 198, b: 198 } attrs=bold
 12   2   1 fg=Rgb { r: 175, g: 175, b: 175 } attrs=bold
 12   3   1 fg=Rgb { r: 157, g: 157, b: 157 } attrs=bold
 12   4   1 fg=Rgb { r: 144, g: 144, b: 144 } attrs=bold
 12   5   1 fg=Rgb { r: 140, g: 140, b: 140 } attrs=bold
 12   6   1 fg=Rgb { r: 144, g: 144, b: 144 } attrs=bold
 12   7   1 fg=Rgb { r: 157, g: 157, b: 157 } attrs=bold
 12   8   1 fg=Rgb { r: 175, g: 175, b: 175 } attrs=bold
 12   9   1 fg=Rgb { r: 198, g: 198, b: 198 } attrs=bold
 12  10   1 fg=Rgb { r: 220, g: 220, b: 220 } attrs=bold
 12  11   1 fg=Rgb { r: 238, g: 238, b: 238 } attrs=bold
 12  13  64 fg=AnsiValue(237)
 12  77   1 fg=AnsiValue(244)
 12  79   1 fg=AnsiValue(237)
 13   1   1 fg=Black bg=White
 14   0  80 fg=AnsiValue(237)
 15   0  80 bg=AnsiValue(233)
