---
source: crates/tui/tests/storybook/app_ctx.rs
expression: frame.text()
---
* grep definitely_not_present in crates/tui/src
  0 files


─ ✿ working… ─────────────────────────────────────────────────────────

──────────────────────────────────────────────────────────────────────
 ○ normal                                                     1:1 100%
