---
source: crates/tui/tests/storybook/app_ctx.rs
expression: frame.styles_text()
---
dim: 28 8
  3   0   6 fg=AnsiValue(208) attrs=bold
  3   6  20 fg=AnsiValue(244)
  4   0  28 fg=AnsiValue(237)
  5   1   1 fg=Black bg=White
  6   0  28 fg=AnsiValue(237)
  7   0   8 fg=AnsiValue(244) bg=AnsiValue(234)
  7   8  11 bg=AnsiValue(233)
  7  19   9 fg=AnsiValue(244) bg=AnsiValue(233)
