---
source: crates/tui/tests/storybook/app_ctx.rs
expression: frame.styles_text()
---
dim: 60 16
  0   0   1 bg=AnsiValue(236)
  0   1  16 bg=AnsiValue(236) attrs=bold
  0  17  42 bg=AnsiValue(236)
  0  59   1 bg=AnsiValue(235)
  1   0  59 bg=AnsiValue(236)
  1  59   1 bg=AnsiValue(243)
  2  59   1 bg=AnsiValue(243)
  3   0  59 bg=AnsiValue(236)
  3  59   1 bg=AnsiValue(243)
  4   0   1 bg=AnsiValue(236)
  4   1  16 bg=AnsiValue(236) attrs=bold
  4  17  42 bg=AnsiValue(236)
  4  59   1 bg=AnsiValue(243)
  5   0  59 bg=AnsiValue(236)
  5  59   1 bg=AnsiValue(243)
  6  59   1 bg=AnsiValue(243)
  7   0   2 fg=AnsiValue(208)
  7   2   6 fg=AnsiValue(208) attrs=dim
  7   8  52 fg=AnsiValue(208)
  8   1   4 attrs=dim
  9   1   4 attrs=dim
 10   1   4 attrs=dim
 11   0   1 bg=AnsiValue(237)
 11   1   1 fg=Black bg=White
 11   2   3 bg=AnsiValue(237) attrs=dim
 11   5   9 fg=AnsiValue(208) bg=AnsiValue(237)
 11  14  46 bg=AnsiValue(237)
 15   0  10 fg=AnsiValue(244) bg=AnsiValue(234)
 15  10  42 bg=AnsiValue(233)
 15  52   8 fg=AnsiValue(244) bg=AnsiValue(233)
