---
source: crates/tui/tests/storybook/app_ctx.rs
assertion_line: 344
expression: frame.text()
---







────────────────────────────────────────────────────────────────────────────────
 edit_notebook: insert.ipynb
╌╌╌╌╌╌╌╌╌╌╌╌╌╌╌╌╌╌╌╌╌╌╌╌╌╌╌╌╌╌╌╌╌╌╌╌╌╌╌╌╌╌╌╌╌╌╌╌╌╌╌╌╌╌╌╌╌╌╌╌╌╌╌╌╌╌╌╌╌╌╌╌╌╌╌╌╌╌╌╌
 insert cell 1 [code]
  1   import numpy as np
  2   x = np.arange(10)
╌╌╌╌╌╌╌╌╌╌╌╌╌╌╌╌╌╌╌╌╌╌╌╌╌╌╌╌╌╌╌╌╌╌╌╌╌╌╌╌╌╌╌╌╌╌╌╌╌╌╌╌╌╌╌╌╌╌╌╌╌╌╌╌╌╌╌╌╌╌╌╌╌╌╌╌╌╌╌╌
 Allow?
  1. yes
  2. no
  3. always allow
  4. always allow in ~/cwd

  press tab to add a reason…
 ○ normal                                                                 1:1 0%
