---
source: crates/tui/tests/storybook/app_ctx.rs
expression: text
---
* read_file /tmp/smelt-storybook-nonexistent-session-93e422  14:37:03
            0e873c55398e6e22ff065d617e27efc1a9b326032e323d0
            0a522764901/plans/20260618-083946-virtual-trans
            cript-performance/plan.md:1-80
  0 lines
──────────────────────────────────────────────────────────────────────
 read_file: /tmp/smelt-storybook-nonexistent-session-93e4220e873c553
            8e6e22ff065d617e27efc1a9b326032e323d00a522764901/plans/2
            260618-083946-virtual-transcript-performance/plan.md:1-8

 Allow?
  1. allow once
  2. deny
  3. allow read_file for this session
  4. allow read_file in workspace ~/cwd

  press tab to add a reason…
 ○ normal                                                       1:1 0%
