---
source: crates/tui/tests/storybook/app_ctx.rs
assertion_line: 580
expression: frame.text()
---
* glob **/*.rs in crates/tui/tests
  0 files





──────────────────────────────────────────────────────────────────────
 glob: **/*.rs in crates/tui/tests

 Allow?
  1. allow once
  2. deny
  3. allow glob for this session
  4. allow glob in ~/cwd

  press tab to add a reason…
 ○ normal  permission pending                                   1:1 0%
