---
source: crates/tui/tests/storybook/app_ctx.rs
assertion_line: 516
expression: frame.styles_text()
---
dim: 80 28
 12   0  80 fg=AnsiValue(208)
 13   1   9 fg=AnsiValue(208)
 14   0  80 fg=AnsiValue(244)
 15   0   3 fg=AnsiValue(244) bg=Rgb { r: 60, g: 20, b: 20 }
 15   3   2 fg=Red bg=Rgb { r: 60, g: 20, b: 20 }
 15   5   2 fg=Rgb { r: 102, g: 217, b: 239 } bg=Rgb { r: 60, g: 20, b: 20 }
 15   7   1 fg=Rgb { r: 248, g: 248, b: 242 } bg=Rgb { r: 60, g: 20, b: 20 }
 15   8   3 fg=Rgb { r: 166, g: 226, b: 46 } bg=Rgb { r: 60, g: 20, b: 20 }
 15  11   1 fg=Rgb { r: 248, g: 248, b: 242 } bg=Rgb { r: 60, g: 20, b: 20 }
 15  12   1 fg=Rgb { r: 253, g: 151, b: 31 } bg=Rgb { r: 60, g: 20, b: 20 }
 15  13   2 fg=Rgb { r: 248, g: 248, b: 242 } bg=Rgb { r: 60, g: 20, b: 20 }
 15  15   1 fg=Rgb { r: 102, g: 217, b: 239 } bg=Rgb { r: 60, g: 20, b: 20 }
 15  16   2 fg=Rgb { r: 102, g: 217, b: 239 } bg=Rgb { r: 110, g: 35, b: 35 }
 15  18   2 fg=Rgb { r: 248, g: 248, b: 242 } bg=Rgb { r: 60, g: 20, b: 20 }
 15  20   1 fg=Rgb { r: 253, g: 151, b: 31 } bg=Rgb { r: 60, g: 20, b: 20 }
 15  21   2 fg=Rgb { r: 248, g: 248, b: 242 } bg=Rgb { r: 60, g: 20, b: 20 }
 15  23   1 fg=Rgb { r: 102, g: 217, b: 239 } bg=Rgb { r: 60, g: 20, b: 20 }
 15  24   2 fg=Rgb { r: 102, g: 217, b: 239 } bg=Rgb { r: 110, g: 35, b: 35 }
 15  26   5 fg=Rgb { r: 248, g: 248, b: 242 } bg=Rgb { r: 60, g: 20, b: 20 }
 15  31   1 fg=Rgb { r: 102, g: 217, b: 239 } bg=Rgb { r: 60, g: 20, b: 20 }
 15  32   2 fg=Rgb { r: 102, g: 217, b: 239 } bg=Rgb { r: 110, g: 35, b: 35 }
 15  34   2 fg=Rgb { r: 248, g: 248, b: 242 } bg=Rgb { r: 60, g: 20, b: 20 }
 15  36  43 bg=Rgb { r: 60, g: 20, b: 20 }
 16   0   3 fg=AnsiValue(244) bg=Rgb { r: 60, g: 20, b: 20 }
 16   3   2 fg=Red bg=Rgb { r: 60, g: 20, b: 20 }
 16   5   6 fg=Rgb { r: 248, g: 248, b: 242 } bg=Rgb { r: 110, g: 35, b: 35 }
 16  11   1 fg=Rgb { r: 249, g: 38, b: 114 } bg=Rgb { r: 110, g: 35, b: 35 }
 16  12   2 fg=Rgb { r: 248, g: 248, b: 242 } bg=Rgb { r: 110, g: 35, b: 35 }
 16  14  65 bg=Rgb { r: 60, g: 20, b: 20 }
 17   0   3 fg=AnsiValue(244) bg=Rgb { r: 20, g: 50, b: 20 }
 17   3   2 fg=Green bg=Rgb { r: 20, g: 50, b: 20 }
 17   5   2 fg=Rgb { r: 102, g: 217, b: 239 } bg=Rgb { r: 20, g: 50, b: 20 }
 17   7   1 fg=Rgb { r: 248, g: 248, b: 242 } bg=Rgb { r: 20, g: 50, b: 20 }
 17   8   3 fg=Rgb { r: 166, g: 226, b: 46 } bg=Rgb { r: 20, g: 50, b: 20 }
 17  11   1 fg=Rgb { r: 248, g: 248, b: 242 } bg=Rgb { r: 20, g: 50, b: 20 }
 17  12   1 fg=Rgb { r: 253, g: 151, b: 31 } bg=Rgb { r: 20, g: 50, b: 20 }
 17  13   2 fg=Rgb { r: 248, g: 248, b: 242 } bg=Rgb { r: 20, g: 50, b: 20 }
 17  15   1 fg=Rgb { r: 102, g: 217, b: 239 } bg=Rgb { r: 20, g: 50, b: 20 }
 17  16   2 fg=Rgb { r: 102, g: 217, b: 239 } bg=Rgb { r: 35, g: 95, b: 35 }
 17  18   2 fg=Rgb { r: 248, g: 248, b: 242 } bg=Rgb { r: 20, g: 50, b: 20 }
 17  20   1 fg=Rgb { r: 253, g: 151, b: 31 } bg=Rgb { r: 20, g: 50, b: 20 }
 17  21   2 fg=Rgb { r: 248, g: 248, b: 242 } bg=Rgb { r: 20, g: 50, b: 20 }
 17  23   1 fg=Rgb { r: 102, g: 217, b: 239 } bg=Rgb { r: 20, g: 50, b: 20 }
 17  24   2 fg=Rgb { r: 102, g: 217, b: 239 } bg=Rgb { r: 35, g: 95, b: 35 }
 17  26   5 fg=Rgb { r: 248, g: 248, b: 242 } bg=Rgb { r: 20, g: 50, b: 20 }
 17  31   1 fg=Rgb { r: 102, g: 217, b: 239 } bg=Rgb { r: 20, g: 50, b: 20 }
 17  32   2 fg=Rgb { r: 102, g: 217, b: 239 } bg=Rgb { r: 35, g: 95, b: 35 }
 17  34   2 fg=Rgb { r: 248, g: 248, b: 242 } bg=Rgb { r: 20, g: 50, b: 20 }
 17  36  43 bg=Rgb { r: 20, g: 50, b: 20 }
 18   0   3 fg=AnsiValue(244) bg=Rgb { r: 20, g: 50, b: 20 }
 18   3   2 fg=Green bg=Rgb { r: 20, g: 50, b: 20 }
 18   5   6 fg=Rgb { r: 248, g: 248, b: 242 } bg=Rgb { r: 35, g: 95, b: 35 }
 18  11  11 fg=Rgb { r: 102, g: 217, b: 239 } bg=Rgb { r: 35, g: 95, b: 35 }
 18  22   4 fg=Rgb { r: 248, g: 248, b: 242 } bg=Rgb { r: 35, g: 95, b: 35 }
 18  26   6 fg=Rgb { r: 102, g: 217, b: 239 } bg=Rgb { r: 35, g: 95, b: 35 }
 18  32   1 fg=Rgb { r: 248, g: 248, b: 242 } bg=Rgb { r: 35, g: 95, b: 35 }
 18  33  10 fg=Rgb { r: 230, g: 219, b: 116 } bg=Rgb { r: 35, g: 95, b: 35 }
 18  43   1 fg=Rgb { r: 248, g: 248, b: 242 } bg=Rgb { r: 35, g: 95, b: 35 }
 18  44  35 bg=Rgb { r: 20, g: 50, b: 20 }
 19   0  80 fg=AnsiValue(244)
 20   1   6 attrs=dim
 21   0   1 bg=AnsiValue(237)
 21   1   1 fg=Black bg=White
 21   2   3 bg=AnsiValue(237) attrs=dim
 21   5  10 fg=AnsiValue(208) bg=AnsiValue(237)
 21  15  65 bg=AnsiValue(237)
 22   1   4 attrs=dim
 23   1   4 attrs=dim
 24   1   4 attrs=dim
 26   2  26 attrs=dim
 27   0  10 fg=AnsiValue(244) bg=AnsiValue(234)
 27  10  64 bg=AnsiValue(233)
 27  74   6 fg=AnsiValue(244) bg=AnsiValue(233)
