---
source: crates/tui/tests/storybook/app_ctx.rs
assertion_line: 397
expression: frame.styles_text()
---
dim: 50 10
  1   2   4 attrs=bold
  1   8  22 attrs=dim
  2   0  15 fg=AnsiValue(244)
  3   0  15 fg=AnsiValue(244)
  4   0  15 fg=AnsiValue(244)
  5   0  16 fg=AnsiValue(244)
  6   0  16 fg=AnsiValue(244) attrs=dim
  7   1   1 fg=Black bg=White
  8   0  50 fg=AnsiValue(237)
  9   0  10 fg=AnsiValue(244) bg=AnsiValue(234)
  9  10  32 bg=AnsiValue(233)
  9  42   8 fg=AnsiValue(244) bg=AnsiValue(233)
