---
source: crates/tui/tests/storybook/app_ctx.rs
expression: frame.text()
---
 GOAL migrate parser state handling without regressing st… auto

 Please keep working toward the parser migration.








  tip ctrl+enter / ctrl+q, steer the current response without…
────────────────────────────────────────────────────────────────

────────────────────────────────────────────────────────────────
 ○ normal                                               1:1 100%
