---
source: crates/tui/tests/storybook/app_ctx.rs
expression: frame.text()
---






─ permissions ────────────────────────────────────────────────────────
  1. bash: ls/*
  2. web_fetch: https://example.com/*
  3. bash: cat/*
  4. bash: cat/* /etc/*
  5. write_file: src/**/*.rs



 ○ normal                                                       1:1 0%
