---
source: crates/tui/tests/storybook/app_ctx.rs
assertion_line: 608
expression: frame.text()
---


     ┌ sessions ─────────────────────────────────────────────────┐
     │                                                           │
     │                                                           │
     │                                                           │
     │                                                           │
     │                                                           │
     │                                                           │
     │   85.7K 1d   first pass at the resume picker              │
     │   12.1K 5m   investigate parser regression                │
     └───────────────────────────────────────────────────────────┘
     ┌ filter ───────────────────────────────────────────────────┐
  tip│ parser                            ⌥d: delete · workspace  │ing…
─────└───────────────────────────────────────────────────────────┘──────

────────────────────────────────────────────────────────────────────────
 ○ normal                                                       1:7 100%
