---
source: crates/tui/tests/storybook/app_ctx.rs
expression: text
---
* bash ls -la /tmp/foo                                                 14:37:03









─ ✿ working… ───────────────────────────────────────────────────────────────────
 Continue drafting this response
────────────────────────────────────────────────────────────────────────────────
 ○ normal  permission pending                                           1:1 100%
