---
source: crates/tui/tests/storybook/app_ctx.rs
expression: frame.text()
---
* enter_worktree native-worktree-support
  branch  native-worktree-support
  base    main
  path    /repo/.worktrees/native-worktree-support




─ ✿ working… ─────────────────────────────────────────────────────────────────────────

──────────────────────────────────────────────────────────────────────────────────────
 ○ normal                                                                     1:1 100%
