---
source: crates/tui/tests/storybook/mod.rs
expression: frame.text()
---
backdrop row 01
backdrop row 02
backdrop row╭modal─────────╮
backdrop row│pick one:     │
backdrop row│  • alpha     │
backdrop row│  • beta      │
backdrop row╰──────────────╯
backdrop row 08
backdrop row 09
backdrop row 10
